PHPUnit 10.5.61 by Sebastian Bergmann and contributors.

Unknown option "--no-interaction"
